[ 3288642ms] [ERROR] React has detected a change in the order of Hooks called by %s. This will lead to bugs and errors if not fixed. For more information, read the Rules of Hooks: https://react.dev/link/rules-of-hooks

   Previous render            Next render
   ------------------------------------------------------
%s   ^^^^^^^^^^^^^^^^^^^^^^^^^^^^^^^^^^^^^^^^^^^^^^^^^^^^^^
 App 1. useState                   useState
2. useState                   useState
3. useState                   useState
4. useState                   useState
5. useState                   useState
6. useState                   useState
7. useState                   useState
8. useState                   useState
9. useState                   useState
10. useState                  useState
11. useState                  useState
12. useRef                    useRef
13. useCallback               useCallback
14. useCallback               useCallback
15. useState                  useCallback
 @ http://localhost:5174/node_modules/.vite/deps/react-dom_client.js?v=15e56a6e:5593
[ 3288651ms] Error: Should have a queue. You are likely calling Hooks conditionally, which is not allowed. (https://react.dev/link/invalid-hook-call)
    at updateReducerImpl (http://localhost:5174/node_modules/.vite/deps/react-dom_client.js?v=15e56a6e:5892:17)
    at updateReducer (http://localhost:5174/node_modules/.vite/deps/react-dom_client.js?v=15e56a6e:5887:16)
    at Object.useState (http://localhost:5174/node_modules/.vite/deps/react-dom_client.js?v=15e56a6e:18996:20)
    at exports.useState (http://localhost:5174/node_modules/.vite/deps/chunk-RY7GF66K.js?v=15e56a6e:959:36)
    at App (http://localhost:5174/src/App.tsx?t=1772778223520:41:49)
    at Object.react_stack_bottom_frame (http://localhost:5174/node_modules/.vite/deps/react-dom_client.js?v=15e56a6e:18509:20)
    at renderWithHooks (http://localhost:5174/node_modules/.vite/deps/react-dom_client.js?v=15e56a6e:5654:24)
    at updateFunctionComponent (http://localhost:5174/node_modules/.vite/deps/react-dom_client.js?v=15e56a6e:7475:21)
    at beginWork (http://localhost:5174/node_modules/.vite/deps/react-dom_client.js?v=15e56a6e:8525:20)
    at runWithFiberInDEV (http://localhost:5174/node_modules/.vite/deps/react-dom_client.js?v=15e56a6e:997:72)
[ 3288648ms] [WARNING] %s

%s
 An error occurred in the <App> component. Consider adding an error boundary to your tree to customize error handling behavior.
Visit https://react.dev/link/error-boundaries to learn more about error boundaries. @ http://localhost:5174/node_modules/.vite/deps/react-dom_client.js?v=15e56a6e:6965
[ 3498026ms] [ERROR] React has detected a change in the order of Hooks called by %s. This will lead to bugs and errors if not fixed. For more information, read the Rules of Hooks: https://react.dev/link/rules-of-hooks

   Previous render            Next render
   ------------------------------------------------------
%s   ^^^^^^^^^^^^^^^^^^^^^^^^^^^^^^^^^^^^^^^^^^^^^^^^^^^^^^
 App 1. useState                   useState
2. useState                   useState
3. useState                   useState
4. useState                   useState
5. useState                   useState
6. useState                   useState
7. useState                   useState
8. useState                   useState
9. useState                   useState
10. useState                  useState
11. useState                  useState
12. useRef                    useRef
13. useCallback               useCallback
14. useCallback               useCallback
15. useCallback               useState
 @ http://localhost:5174/node_modules/.vite/deps/react-dom_client.js?v=15e56a6e:5593
[ 3498037ms] Error: Should have a queue. You are likely calling Hooks conditionally, which is not allowed. (https://react.dev/link/invalid-hook-call)
    at updateReducerImpl (http://localhost:5174/node_modules/.vite/deps/react-dom_client.js?v=15e56a6e:5892:17)
    at updateReducer (http://localhost:5174/node_modules/.vite/deps/react-dom_client.js?v=15e56a6e:5887:16)
    at Object.useState (http://localhost:5174/node_modules/.vite/deps/react-dom_client.js?v=15e56a6e:18996:20)
    at exports.useState (http://localhost:5174/node_modules/.vite/deps/chunk-RY7GF66K.js?v=15e56a6e:959:36)
    at App (http://localhost:5174/src/App.tsx?t=1772778432886:42:49)
    at Object.react_stack_bottom_frame (http://localhost:5174/node_modules/.vite/deps/react-dom_client.js?v=15e56a6e:18509:20)
    at renderWithHooks (http://localhost:5174/node_modules/.vite/deps/react-dom_client.js?v=15e56a6e:5654:24)
    at updateFunctionComponent (http://localhost:5174/node_modules/.vite/deps/react-dom_client.js?v=15e56a6e:7475:21)
    at beginWork (http://localhost:5174/node_modules/.vite/deps/react-dom_client.js?v=15e56a6e:8525:20)
    at runWithFiberInDEV (http://localhost:5174/node_modules/.vite/deps/react-dom_client.js?v=15e56a6e:997:72)
[ 3498028ms] [WARNING] %s

%s
 An error occurred in the <App> component. Consider adding an error boundary to your tree to customize error handling behavior.
Visit https://react.dev/link/error-boundaries to learn more about error boundaries. @ http://localhost:5174/node_modules/.vite/deps/react-dom_client.js?v=15e56a6e:6965
